

Running the FORWARD PHYTOPLANKTON MODEL --> we are going forward in time
Adjusting our growth guess using the gamma from: FIRST
Will be saving phytoplankton output to: forward_1_AUGUST6-16.nc
First run: calculating gamma
Read in CIMIS data ...
Saved forward_1_AUGUST6-16.nc 


Running the ADJOINT OPERATOR MODEL --> we are going backward in time
Using the algae guess dataset: forward_1
Will be saving adjoint variable output to: adjoint_1
total modeled Microcystis = 1440.0
total modeled Diatom = 16000.0
total_modeled_chla = 17440.0
measured chla = 9730.0
total modeled Microcystis = 1489.798977353943
total modeled Diatom = 15923.44301774673
total_modeled_chla = 17413.24199510067
measured chla = 15810.000000000002
total modeled Microcystis = 1548.5169228051852
total modeled Diatom = 15839.328797833483
total_modeled_chla = 17387.845720638667
measured chla = 13160.0
total modeled Microcystis = 1553.9717583511163
total modeled Diatom = 15801.955475884402
total_modeled_chla = 17355.927234235518
measured chla = 13820.0
total modeled Microcystis = 1570.1522281102127
total modeled Diatom = 15737.037615998172
total_modeled_chla = 17307.189844108383
measured chla = 10900.0
total modeled Microcystis = 1598.737750265635
total modeled Diatom = 15676.743566981982
total_modeled_chla = 17275.481317247617
measured chla = 14800.0
total modeled Microcystis = 1614.4467828051772
total modeled Diatom = 15612.427093250357
total_modeled_chla = 17226.873876055535
measured chla = 12530.0
total modeled Microcystis = 1531.23601262414
total modeled Diatom = 15599.656753830724
total_modeled_chla = 17130.892766454865
measured chla = 13010.0
total modeled Microcystis = 1515.5772894911404
total modeled Diatom = 15551.203832872563
total_modeled_chla = 17066.781122363704
measured chla = 8710.0
total modeled Microcystis = 1556.0565997193519
total modeled Diatom = 15464.430473510061
total_modeled_chla = 17020.487073229415
measured chla = 12070.0
total modeled Microcystis = 1557.3628460034502
total modeled Diatom = 15418.844902283485
total_modeled_chla = 16976.20774828693
measured chla = 16700.0
total modeled Microcystis = 1616.8093312574222
total modeled Diatom = 15328.804440085625
total_modeled_chla = 16945.61377134305
measured chla = 12100.0
total modeled Microcystis = 1677.3053324222897
total modeled Diatom = 15244.55791853216
total_modeled_chla = 16921.863250954448
measured chla = 10080.0
total modeled Microcystis = 1717.4669165948994
total modeled Diatom = 15180.285928529076
total_modeled_chla = 16897.752845123974
measured chla = 7880.0
total modeled Microcystis = 1774.1594448671872
total modeled Diatom = 15103.161587014505
total_modeled_chla = 16877.32103188169
measured chla = 14990.0
total modeled Microcystis = 1813.025769673312
total modeled Diatom = 15036.14496161907
total_modeled_chla = 16849.170731292386
measured chla = 7780.000000000001
total modeled Microcystis = 1846.541517315236
total modeled Diatom = 14967.26930231063
total_modeled_chla = 16813.810819625865
measured chla = 16960.000000000004
total modeled Microcystis = 1765.4598140962096
total modeled Diatom = 14979.513007798925
total_modeled_chla = 16744.97282189513
measured chla = 16320.000000000002
total modeled Microcystis = 1580.9006422907373
total modeled Diatom = 15037.928976250916
total_modeled_chla = 16618.82961854165
measured chla = 10760.0
total modeled Microcystis = 1572.918046639001
total modeled Diatom = 15005.880030242379
total_modeled_chla = 16578.798076881383
measured chla = 15720.000000000002
total modeled Microcystis = 1563.4388905216063
total modeled Diatom = 14987.503903911997
total_modeled_chla = 16550.9427944336
measured chla = 17140.000000000004
total modeled Microcystis = 1577.4506399213865
total modeled Diatom = 14965.214298973888
total_modeled_chla = 16542.664938895272
measured chla = 16649.999999999996
total modeled Microcystis = 1685.1951589975768
total modeled Diatom = 14928.758664381457
total_modeled_chla = 16613.953823379034
measured chla = 13850.0
total modeled Microcystis = 1773.6456720685953
total modeled Diatom = 14912.327333673022
total_modeled_chla = 16685.97300574162
measured chla = 15990.0
total modeled Microcystis = 1828.8913796909026
total modeled Diatom = 14911.061832881647
total_modeled_chla = 16739.95321257255
measured chla = 9949.999999999998
total modeled Microcystis = 1761.8803736616208
total modeled Diatom = 14928.984276075074
total_modeled_chla = 16690.864649736694
measured chla = 12330.0
total modeled Microcystis = 1663.6880907682294
total modeled Diatom = 14933.304887432463
total_modeled_chla = 16596.9929782007
measured chla = 9730.0
total modeled Microcystis = 1650.7677006604827
total modeled Diatom = 14939.00567564005
total_modeled_chla = 16589.77337630053
measured chla = 10199.999999999998
total modeled Microcystis = 1589.1686457037674
total modeled Diatom = 14945.916453786453
total_modeled_chla = 16535.085099490218
measured chla = 7820.000000000001
total modeled Microcystis = 1559.437183488806
total modeled Diatom = 14949.161442456903
total_modeled_chla = 16508.59862594571
measured chla = 16980.000000000004
total modeled Microcystis = 1608.1172923209992
total modeled Diatom = 14955.312159615967
total_modeled_chla = 16563.42945193697
measured chla = 10170.0
total modeled Microcystis = 1674.0836446157348
total modeled Diatom = 14989.292377353322
total_modeled_chla = 16663.376021969052
measured chla = 10610.0
total modeled Microcystis = 1694.4412332120887
total modeled Diatom = 15073.71013464416
total_modeled_chla = 16768.151367856244
measured chla = 8730.0
total modeled Microcystis = 1758.1967447967968
total modeled Diatom = 15132.133390311083
total_modeled_chla = 16890.33013510788
measured chla = 9830.0
total modeled Microcystis = 2002.707838507574
total modeled Diatom = 15056.32270565315
total_modeled_chla = 17059.030544160727
measured chla = 11250.0
total modeled Microcystis = 1959.5469915374647
total modeled Diatom = 15133.60190311114
total_modeled_chla = 17093.148894648602
measured chla = 9150.0
total modeled Microcystis = 2262.0359363993475
total modeled Diatom = 15059.607209692747
total_modeled_chla = 17321.643146092098
measured chla = 7110.000000000001
total modeled Microcystis = 2146.3038395706376
total modeled Diatom = 15178.081767649664
total_modeled_chla = 17324.3856072203
measured chla = 8029.999999999999
total modeled Microcystis = 2018.684329838862
total modeled Diatom = 15314.826811604635
total_modeled_chla = 17333.511141443494
measured chla = 7780.000000000001
total modeled Microcystis = 1980.828187054102
total modeled Diatom = 15409.352290326902
total_modeled_chla = 17390.180477381004
measured chla = 10800.0
total modeled Microcystis = 2209.8287272900207
total modeled Diatom = 15396.743725240742
total_modeled_chla = 17606.57245253076
measured chla = 9020.0
total modeled Microcystis = 2250.4302713656944
total modeled Diatom = 15425.709899414096
total_modeled_chla = 17676.14017077979
measured chla = 10119.999999999998
total modeled Microcystis = 2105.852229836653
total modeled Diatom = 15535.432741053364
total_modeled_chla = 17641.284970890018
measured chla = 9880.000000000002
total modeled Microcystis = 1975.5592291700734
total modeled Diatom = 15655.733490868563
total_modeled_chla = 17631.292720038637
measured chla = 15170.0
total modeled Microcystis = 1985.2104262165649
total modeled Diatom = 15731.344910329686
total_modeled_chla = 17716.55533654625
measured chla = 8480.000000000002
total modeled Microcystis = 2032.7476185098974
total modeled Diatom = 15783.36562151735
total_modeled_chla = 17816.113240027247
measured chla = 11740.0
total modeled Microcystis = 2080.6069749177623
total modeled Diatom = 15837.198352200066
total_modeled_chla = 17917.80532711783
measured chla = 13220.0
total modeled Microcystis = 2177.738883913534
total modeled Diatom = 15871.469231113442
total_modeled_chla = 18049.208115026977
measured chla = 8119.999999999999
total modeled Microcystis = 2311.908585041507
total modeled Diatom = 15892.754196146057
total_modeled_chla = 18204.662781187566
measured chla = 13030.0
total modeled Microcystis = 2638.5595219123866
total modeled Diatom = 15862.78251724922
total_modeled_chla = 18501.342039161605
measured chla = 9660.0
total modeled Microcystis = 2561.5688316769947
total modeled Diatom = 15932.223029516925
total_modeled_chla = 18493.791861193917
measured chla = 6929.999999999999
total modeled Microcystis = 2435.5147238509053
total modeled Diatom = 16024.448918752674
total_modeled_chla = 18459.96364260358
measured chla = 8470.0
total modeled Microcystis = 2562.2315219173347
total modeled Diatom = 16065.059012103837
total_modeled_chla = 18627.290534021173
measured chla = 10570.000000000002
total modeled Microcystis = 2817.255206877403
total modeled Diatom = 16062.848783972348
total_modeled_chla = 18880.10399084975
measured chla = 9880.000000000002
total modeled Microcystis = 2723.642569538069
total modeled Diatom = 16140.602858622999
total_modeled_chla = 18864.245428161066
measured chla = 11890.000000000002
total modeled Microcystis = 2655.6415363729234
total modeled Diatom = 16222.468897805427
total_modeled_chla = 18878.110434178347
measured chla = 9980.000000000002
total modeled Microcystis = 2643.14978919013
total modeled Diatom = 16290.516429766327
total_modeled_chla = 18933.66621895646
measured chla = 8940.0
total modeled Microcystis = 2735.6482419077424
total modeled Diatom = 16335.200151893127
total_modeled_chla = 19070.848393800872
measured chla = 8930.0
total modeled Microcystis = 3217.177440945849
total modeled Diatom = 16297.889853304663
total_modeled_chla = 19515.06729425051
measured chla = 8090.0
total modeled Microcystis = 3788.3922371769027
total modeled Diatom = 16229.402628400088
total_modeled_chla = 20017.79486557699
measured chla = 9220.0
total modeled Microcystis = 3575.248445574495
total modeled Diatom = 16324.032949722883
total_modeled_chla = 19899.281395297377
measured chla = 15670.0
total modeled Microcystis = 4122.359852056626
total modeled Diatom = 16281.099292181856
total_modeled_chla = 20403.45914423848
measured chla = 11150.0
total modeled Microcystis = 4339.290780194778
total modeled Diatom = 16287.18931519311
total_modeled_chla = 20626.480095387884
measured chla = 16219.999999999998
total modeled Microcystis = 4394.519925475661
total modeled Diatom = 16328.498787996514
total_modeled_chla = 20723.01871347218
measured chla = 6390.0
total modeled Microcystis = 4468.789385219551
total modeled Diatom = 16363.395571039295
total_modeled_chla = 20832.184956258843
measured chla = 7780.000000000001
total modeled Microcystis = 3866.2045935081537
total modeled Diatom = 16517.7014025799
total_modeled_chla = 20383.90599608805
measured chla = 13960.000000000002
total modeled Microcystis = 3223.1727039773673
total modeled Diatom = 16692.195014801204
total_modeled_chla = 19915.36771877857
measured chla = 9640.000000000002
total modeled Microcystis = 2861.0732852864417
total modeled Diatom = 16810.161195884233
total_modeled_chla = 19671.23448117068
measured chla = 11250.0
total modeled Microcystis = 3021.235843151747
total modeled Diatom = 16801.71795604311
total_modeled_chla = 19822.95379919486
measured chla = 8340.0
total modeled Microcystis = 3072.1706984430807
total modeled Diatom = 16786.138675615304
total_modeled_chla = 19858.309374058386
measured chla = 9000.000000000002
total modeled Microcystis = 3844.2608735313743
total modeled Diatom = 16643.61687072098
total_modeled_chla = 20487.877744252357
measured chla = 12650.0
total modeled Microcystis = 4174.297518007746
total modeled Diatom = 16563.49998557961
total_modeled_chla = 20737.797503587357
measured chla = 18140.0
total modeled Microcystis = 4500.219389887019
total modeled Diatom = 16477.494133163153
total_modeled_chla = 20977.71352305017
measured chla = 16410.0
total modeled Microcystis = 4622.425542336312
total modeled Diatom = 16411.58293052646
total_modeled_chla = 21034.00847286277
measured chla = 20149.999999999996
total modeled Microcystis = 4475.187583457043
total modeled Diatom = 16335.74817528855
total_modeled_chla = 20810.935758745592
measured chla = 19000.0
total modeled Microcystis = 4446.073881464662
total modeled Diatom = 16218.689942546012
total_modeled_chla = 20664.76382401067
measured chla = 13859.999999999998
total modeled Microcystis = 4460.706436260457
total modeled Diatom = 16105.40587385633
total_modeled_chla = 20566.112310116787
measured chla = 23300.0
total modeled Microcystis = 4535.12992280785
total modeled Diatom = 15936.155526350818
total_modeled_chla = 20471.285449158666
measured chla = 23270.0
total modeled Microcystis = 4354.712817300157
total modeled Diatom = 15802.820420531925
total_modeled_chla = 20157.53323783208
measured chla = 23530.000000000004
total modeled Microcystis = 4272.18067107383
total modeled Diatom = 15625.796841917008
total_modeled_chla = 19897.97751299084
measured chla = 21070.000000000004
total modeled Microcystis = 4055.511301892475
total modeled Diatom = 15489.745911390817
total_modeled_chla = 19545.25721328329
measured chla = 18040.0
total modeled Microcystis = 3669.1263335028516
total modeled Diatom = 15366.169538215823
total_modeled_chla = 19035.295871718678
measured chla = 18500.0
total modeled Microcystis = 3723.422899031415
total modeled Diatom = 15211.194766845201
total_modeled_chla = 18934.61766587661
measured chla = 10580.0
total modeled Microcystis = 3872.688677088901
total modeled Diatom = 15054.637525951634
total_modeled_chla = 18927.326203040535
measured chla = 9190.0
total modeled Microcystis = 3814.025057068559
total modeled Diatom = 14942.552752326363
total_modeled_chla = 18756.57780939492
measured chla = 16320.000000000002
total modeled Microcystis = 3712.1134601296862
total modeled Diatom = 14842.641944491275
total_modeled_chla = 18554.755404620963
measured chla = 14850.0
total modeled Microcystis = 3626.021708896014
total modeled Diatom = 14740.747807802953
total_modeled_chla = 18366.769516698965
measured chla = 8690.0
total modeled Microcystis = 3562.978658567577
total modeled Diatom = 14636.42089880895
total_modeled_chla = 18199.399557376528
measured chla = 12350.0
total modeled Microcystis = 3416.7666424579766
total modeled Diatom = 14558.903263246279
total_modeled_chla = 17975.669905704253
measured chla = 9730.0
total modeled Microcystis = 3501.2263574475323
total modeled Diatom = 14427.110136008925
total_modeled_chla = 17928.336493456456
measured chla = 10930.0
total modeled Microcystis = 3513.0148669248383
total modeled Diatom = 14317.621008165155
total_modeled_chla = 17830.635875089996
measured chla = 10680.0
total modeled Microcystis = 3361.6510217744903
total modeled Diatom = 14260.457048106033
total_modeled_chla = 17622.10806988052
measured chla = 9480.0
total modeled Microcystis = 3234.313586911489
total modeled Diatom = 14206.090779070004
total_modeled_chla = 17440.404365981492
measured chla = 11390.0
total modeled Microcystis = 3120.5682336439686
total modeled Diatom = 14139.446526665255
total_modeled_chla = 17260.014760309226
measured chla = 10780.0
total modeled Microcystis = 2806.857759946527
total modeled Diatom = 14123.780435005412
total_modeled_chla = 16930.63819495194
measured chla = 10560.0
total modeled Microcystis = 2685.8967223983263
total modeled Diatom = 14058.000264994058
total_modeled_chla = 16743.896987392385
measured chla = 19440.000000000004
total modeled Microcystis = 0.0
total modeled Diatom = 0.0
total_modeled_chla = 0.0
measured chla = 13250.0
Total cost of adjoint forcing is 3.446987708536169e10
Step size is 10.0
Norm of grad is 0.00020663532234671005
Saved adjoint_1_AUGUST6-16.nc 
Running forward model iteration: 2


Running the FORWARD PHYTOPLANKTON MODEL --> we are going forward in time
Adjusting our growth guess using the gamma from: adjoint_1
Will be saving phytoplankton output to: forward_2_AUGUST6-16.nc
...Using growth rate from adjoint model
Saved forward_2_AUGUST6-16.nc 


Running the ADJOINT OPERATOR MODEL --> we are going backward in time
Using the algae guess dataset: forward_2
Will be saving adjoint variable output to: adjoint_2
total modeled Microcystis = 1440.0
total modeled Diatom = 16000.0
total_modeled_chla = 17440.0
measured chla = 9730.0
total modeled Microcystis = 1489.798977353943
total modeled Diatom = 15923.44301774673
total_modeled_chla = 17413.24199510067
measured chla = 15810.000000000002
total modeled Microcystis = 1548.5169228051852
total modeled Diatom = 15839.328797833483
total_modeled_chla = 17387.845720638667
measured chla = 13160.0
total modeled Microcystis = 1553.9717583511163
total modeled Diatom = 15801.955475884402
total_modeled_chla = 17355.927234235518
measured chla = 13820.0
total modeled Microcystis = 1570.1522281102127
total modeled Diatom = 15737.037615998172
total_modeled_chla = 17307.189844108383
measured chla = 10900.0
total modeled Microcystis = 1598.737750265635
total modeled Diatom = 15676.743566981982
total_modeled_chla = 17275.481317247617
measured chla = 14800.0
total modeled Microcystis = 1614.4467828051772
total modeled Diatom = 15612.427093250357
total_modeled_chla = 17226.873876055535
measured chla = 12530.0
total modeled Microcystis = 1531.23601262414
total modeled Diatom = 15599.656753830724
total_modeled_chla = 17130.892766454865
measured chla = 13010.0
total modeled Microcystis = 1515.5772894911404
total modeled Diatom = 15551.203832872563
total_modeled_chla = 17066.781122363704
measured chla = 8710.0
total modeled Microcystis = 1556.0565997193519
total modeled Diatom = 15464.430473510061
total_modeled_chla = 17020.487073229415
measured chla = 12070.0
total modeled Microcystis = 1557.3628460034502
total modeled Diatom = 15418.844902283485
total_modeled_chla = 16976.20774828693
measured chla = 16700.0
total modeled Microcystis = 1616.8093312574222
total modeled Diatom = 15328.804440085625
total_modeled_chla = 16945.61377134305
measured chla = 12100.0
total modeled Microcystis = 1677.3053324222897
total modeled Diatom = 15244.55791853216
total_modeled_chla = 16921.863250954448
measured chla = 10080.0
total modeled Microcystis = 1717.4669165948994
total modeled Diatom = 15180.285928529076
total_modeled_chla = 16897.752845123974
measured chla = 7880.0
total modeled Microcystis = 1774.1594448671872
total modeled Diatom = 15103.161587014505
total_modeled_chla = 16877.32103188169
measured chla = 14990.0
total modeled Microcystis = 1813.025769673312
total modeled Diatom = 15036.14496161907
total_modeled_chla = 16849.170731292386
measured chla = 7780.000000000001
total modeled Microcystis = 1846.541517315236
total modeled Diatom = 14967.26930231063
total_modeled_chla = 16813.810819625865
measured chla = 16960.000000000004
total modeled Microcystis = 1765.2093251580075
total modeled Diatom = 14966.725871728995
total_modeled_chla = 16731.935196887003
measured chla = 16320.000000000002
total modeled Microcystis = 1580.4592528269932
total modeled Diatom = 15014.363425046216
total_modeled_chla = 16594.822677873206
measured chla = 10760.0
total modeled Microcystis = 1571.8851206598258
total modeled Diatom = 14945.620168568888
total_modeled_chla = 16517.505289228717
measured chla = 15720.000000000002
total modeled Microcystis = 1562.0141171429566
total modeled Diatom = 14903.967194754996
total_modeled_chla = 16465.98131189795
measured chla = 17140.000000000004
total modeled Microcystis = 1574.9192261728297
total modeled Diatom = 14825.433018039732
total_modeled_chla = 16400.35224421256
measured chla = 16649.999999999996
total modeled Microcystis = 1679.9216842319693
total modeled Diatom = 14673.45042391844
total_modeled_chla = 16353.37210815041
measured chla = 13850.0
total modeled Microcystis = 1765.6140546789538
total modeled Diatom = 14546.732909696895
total_modeled_chla = 16312.346964375853
measured chla = 15990.0
total modeled Microcystis = 1818.1454132132314
total modeled Diatom = 14451.791555993887
total_modeled_chla = 16269.936969207118
measured chla = 9949.999999999998
total modeled Microcystis = 1751.308674866632
total modeled Diatom = 14460.94272529711
total_modeled_chla = 16212.251400163745
measured chla = 12330.0
total modeled Microcystis = 1653.2668783203978
total modeled Diatom = 14464.198976316262
total_modeled_chla = 16117.46585463666
measured chla = 9730.0
total modeled Microcystis = 1638.637845945374
total modeled Diatom = 14386.483950766933
total_modeled_chla = 16025.121796712307
measured chla = 10199.999999999998
total modeled Microcystis = 1577.2182681083195
total modeled Diatom = 14371.42327453308
total_modeled_chla = 15948.6415426414
measured chla = 7820.000000000001
total modeled Microcystis = 1546.8315626645303
total modeled Diatom = 14297.397083983204
total_modeled_chla = 15844.228646647733
measured chla = 16980.000000000004
total modeled Microcystis = 1591.3761542111274
total modeled Diatom = 14088.616034915303
total_modeled_chla = 15679.992189126428
measured chla = 10170.0
total modeled Microcystis = 1649.4372140131723
total modeled Diatom = 13751.128663986918
total_modeled_chla = 15400.565878000087
measured chla = 10610.0
total modeled Microcystis = 1659.170300789163
total modeled Diatom = 13337.527929962376
total_modeled_chla = 14996.698230751539
measured chla = 8730.0
total modeled Microcystis = 1712.5865613240787
total modeled Diatom = 12895.69853011554
total_modeled_chla = 14608.28509143962
measured chla = 9830.0
total modeled Microcystis = 1940.5858306068437
total modeled Diatom = 12416.222948412516
total_modeled_chla = 14356.808779019359
measured chla = 11250.0
total modeled Microcystis = 1891.4254326589437
total modeled Diatom = 12196.163565251307
total_modeled_chla = 14087.588997910249
measured chla = 9150.0
total modeled Microcystis = 2166.0038472301935
total modeled Diatom = 11682.296227462839
total_modeled_chla = 13848.300074693036
measured chla = 7110.000000000001
total modeled Microcystis = 2045.5346819726385
total modeled Diatom = 11379.382512064456
total_modeled_chla = 13424.917194037092
measured chla = 8029.999999999999
total modeled Microcystis = 1917.5843797816954
total modeled Diatom = 11068.727905744328
total_modeled_chla = 12986.312285526024
measured chla = 7780.000000000001
total modeled Microcystis = 1877.4023061701876
total modeled Diatom = 10755.958685184713
total_modeled_chla = 12633.3609913549
measured chla = 10800.0
total modeled Microcystis = 2083.2390916640593
total modeled Diatom = 10390.11204701549
total_modeled_chla = 12473.351138679547
measured chla = 9020.0
total modeled Microcystis = 2113.2953024348153
total modeled Diatom = 10079.873988242654
total_modeled_chla = 12193.16929067747
measured chla = 10119.999999999998
total modeled Microcystis = 1975.8610908073117
total modeled Diatom = 9851.253996307261
total_modeled_chla = 11827.115087114575
measured chla = 9880.000000000002
total modeled Microcystis = 1853.9072256954303
total modeled Diatom = 9649.318132087463
total_modeled_chla = 11503.225357782892
measured chla = 15170.0
total modeled Microcystis = 1856.3436009492439
total modeled Diatom = 9419.905747369472
total_modeled_chla = 11276.249348318717
measured chla = 8480.000000000002
total modeled Microcystis = 1892.741250259543
total modeled Diatom = 9195.947455861502
total_modeled_chla = 11088.688706121042
measured chla = 11740.0
total modeled Microcystis = 1927.9362651176732
total modeled Diatom = 8992.425541398467
total_modeled_chla = 10920.361806516139
measured chla = 13220.0
total modeled Microcystis = 2003.3710529152963
total modeled Diatom = 8783.974372842897
total_modeled_chla = 10787.345425758193
measured chla = 8119.999999999999
total modeled Microcystis = 2110.183003982174
total modeled Diatom = 8584.813910030714
total_modeled_chla = 10694.996914012887
measured chla = 13030.0
total modeled Microcystis = 2378.4059941010846
total modeled Diatom = 8370.332544244873
total_modeled_chla = 10748.738538345957
measured chla = 9660.0
total modeled Microcystis = 2296.5840431305155
total modeled Diatom = 8242.189214459719
total_modeled_chla = 10538.773257590234
measured chla = 6929.999999999999
total modeled Microcystis = 2176.789063469712
total modeled Diatom = 8151.31037262887
total_modeled_chla = 10328.09943609858
measured chla = 8470.0
total modeled Microcystis = 2273.472077205731
total modeled Diatom = 8038.142283236303
total_modeled_chla = 10311.614360442034
measured chla = 10570.000000000002
total modeled Microcystis = 2473.6530670548714
total modeled Diatom = 7911.972898827082
total_modeled_chla = 10385.625965881956
measured chla = 9880.000000000002
total modeled Microcystis = 2380.677962557642
total modeled Diatom = 7853.18159020785
total_modeled_chla = 10233.859552765492
measured chla = 11890.000000000002
total modeled Microcystis = 2309.727965863069
total modeled Diatom = 7816.741863085873
total_modeled_chla = 10126.469828948944
measured chla = 9980.000000000002
total modeled Microcystis = 2285.411329306819
total modeled Diatom = 7790.428060302786
total_modeled_chla = 10075.839389609606
measured chla = 8940.0
total modeled Microcystis = 2347.8358803943543
total modeled Diatom = 7765.239056687495
total_modeled_chla = 10113.07493708185
measured chla = 8930.0
total modeled Microcystis = 2725.020323557033
total modeled Diatom = 7701.469928784672
total_modeled_chla = 10426.490252341706
measured chla = 8090.0
total modeled Microcystis = 3168.8961075014463
total modeled Diatom = 7628.431362968498
total_modeled_chla = 10797.327470469945
measured chla = 9220.0
total modeled Microcystis = 2980.900478947168
total modeled Diatom = 7688.510191939932
total_modeled_chla = 10669.4106708871
measured chla = 15670.0
total modeled Microcystis = 3399.839546645743
total modeled Diatom = 7651.775545044432
total_modeled_chla = 11051.615091690173
measured chla = 11150.0
total modeled Microcystis = 3549.973924952221
total modeled Diatom = 7663.0901157477865
total_modeled_chla = 11213.064040700008
measured chla = 16219.999999999998
total modeled Microcystis = 3566.858949691893
total modeled Diatom = 7702.328061723157
total_modeled_chla = 11269.18701141505
measured chla = 6390.0
total modeled Microcystis = 3604.0136776811296
total modeled Diatom = 7759.170976076176
total_modeled_chla = 11363.184653757306
measured chla = 7780.000000000001
total modeled Microcystis = 3113.897385173997
total modeled Diatom = 7914.89388825082
total_modeled_chla = 11028.791273424818
measured chla = 13960.000000000002
total modeled Microcystis = 2599.294155049111
total modeled Diatom = 8079.314307052301
total_modeled_chla = 10678.608462101414
measured chla = 9640.000000000002
total modeled Microcystis = 2311.004032643189
total modeled Diatom = 8211.227883153813
total_modeled_chla = 10522.231915797003
measured chla = 11250.0
total modeled Microcystis = 2429.963791825234
total modeled Diatom = 8288.80062256892
total_modeled_chla = 10718.764414394152
measured chla = 8340.0
total modeled Microcystis = 2466.2308509339296
total modeled Diatom = 8683.7046053924
total_modeled_chla = 11149.93545632633
measured chla = 9000.000000000002
total modeled Microcystis = 3059.860235584271
total modeled Diatom = 8762.257405417653
total_modeled_chla = 11822.117641001923
measured chla = 12650.0
total modeled Microcystis = 3313.1140280491636
total modeled Diatom = 8731.85764762253
total_modeled_chla = 12044.971675671693
measured chla = 18140.0
total modeled Microcystis = 3566.0003767943213
total modeled Diatom = 8716.800580985431
total_modeled_chla = 12282.800957779753
measured chla = 16410.0
total modeled Microcystis = 3663.647289182422
total modeled Diatom = 8861.59678672631
total_modeled_chla = 12525.244075908731
measured chla = 20149.999999999996
total modeled Microcystis = 3551.248047263475
total modeled Diatom = 9296.156873048312
total_modeled_chla = 12847.404920311787
measured chla = 19000.0
total modeled Microcystis = 3529.850017993442
total modeled Diatom = 9460.514132760469
total_modeled_chla = 12990.36415075391
measured chla = 13859.999999999998
total modeled Microcystis = 3544.384975599128
total modeled Diatom = 9437.581626619507
total_modeled_chla = 12981.966602218634
measured chla = 23300.0
total modeled Microcystis = 3607.6831578769898
total modeled Diatom = 9526.95152693921
total_modeled_chla = 13134.634684816197
measured chla = 23270.0
total modeled Microcystis = 3470.3706082923827
total modeled Diatom = 9737.192796267429
total_modeled_chla = 13207.563404559814
measured chla = 23530.000000000004
total modeled Microcystis = 3409.1931366422264
total modeled Diatom = 9937.868057761381
total_modeled_chla = 13347.061194403608
measured chla = 21070.000000000004
total modeled Microcystis = 3240.987052733479
total modeled Diatom = 10089.529560357627
total_modeled_chla = 13330.516613091106
measured chla = 18040.0
total modeled Microcystis = 2936.6922051147126
total modeled Diatom = 10319.824547642811
total_modeled_chla = 13256.516752757523
measured chla = 18500.0
total modeled Microcystis = 2981.806390202905
total modeled Diatom = 10329.148113182931
total_modeled_chla = 13310.954503385836
measured chla = 10580.0
total modeled Microcystis = 3102.4610252968787
total modeled Diatom = 10286.055562783093
total_modeled_chla = 13388.516588079972
measured chla = 9190.0
total modeled Microcystis = 3057.1931556482014
total modeled Diatom = 10319.117025986063
total_modeled_chla = 13376.310181634264
measured chla = 16320.000000000002
total modeled Microcystis = 2977.1643638068604
total modeled Diatom = 10374.499407114943
total_modeled_chla = 13351.663770921803
measured chla = 14850.0
total modeled Microcystis = 2909.5355030533005
total modeled Diatom = 10424.700993866281
total_modeled_chla = 13334.236496919582
measured chla = 8690.0
total modeled Microcystis = 2860.058720004428
total modeled Diatom = 10457.871631894945
total_modeled_chla = 13317.930351899371
measured chla = 12350.0
total modeled Microcystis = 2743.659510280901
total modeled Diatom = 10505.655145036202
total_modeled_chla = 13249.314655317105
measured chla = 9730.0
total modeled Microcystis = 2811.977351737104
total modeled Diatom = 10471.284917735014
total_modeled_chla = 13283.26226947212
measured chla = 10930.0
total modeled Microcystis = 2822.0114832411964
total modeled Diatom = 10468.759804187246
total_modeled_chla = 13290.771287428443
measured chla = 10680.0
total modeled Microcystis = 2701.09862289503
total modeled Diatom = 10524.533937677037
total_modeled_chla = 13225.632560572065
measured chla = 9480.0
total modeled Microcystis = 2599.3081368101375
total modeled Diatom = 10561.996233973814
total_modeled_chla = 13161.304370783952
measured chla = 11390.0
total modeled Microcystis = 2508.350485677511
total modeled Diatom = 10601.389153292183
total_modeled_chla = 13109.739638969693
measured chla = 10780.0
total modeled Microcystis = 2256.700550291083
total modeled Diatom = 10729.171362783844
total_modeled_chla = 12985.871913074925
measured chla = 10560.0
total modeled Microcystis = 2159.7250643414886
total modeled Diatom = 10776.023213193617
total_modeled_chla = 12935.748277535107
measured chla = 19440.000000000004
total modeled Microcystis = 0.0
total modeled Diatom = 0.0
total_modeled_chla = 0.0
measured chla = 13250.0
Total cost of adjoint forcing is 1.4847995509968838e10
Step size is 5.0
Norm of grad is 0.00027440470368289875
Saved adjoint_2_AUGUST6-16.nc 
Running forward model iteration: 3


Running the FORWARD PHYTOPLANKTON MODEL --> we are going forward in time
Adjusting our growth guess using the gamma from: adjoint_2
Will be saving phytoplankton output to: forward_3_AUGUST6-16.nc
...Using growth rate from adjoint model
Saved forward_3_AUGUST6-16.nc 


Running the ADJOINT OPERATOR MODEL --> we are going backward in time
Using the algae guess dataset: forward_3
Will be saving adjoint variable output to: adjoint_3
total modeled Microcystis = 1440.0
total modeled Diatom = 16000.0
total_modeled_chla = 17440.0
measured chla = 9730.0
total modeled Microcystis = 1489.798977353943
total modeled Diatom = 15923.44301774673
total_modeled_chla = 17413.24199510067
measured chla = 15810.000000000002
total modeled Microcystis = 1548.5169228051852
total modeled Diatom = 15839.328797833483
total_modeled_chla = 17387.845720638667
measured chla = 13160.0
total modeled Microcystis = 1553.9717583511163
total modeled Diatom = 15801.955475884402
total_modeled_chla = 17355.927234235518
measured chla = 13820.0
total modeled Microcystis = 1570.1522281102127
total modeled Diatom = 15737.037615998172
total_modeled_chla = 17307.189844108383
measured chla = 10900.0
total modeled Microcystis = 1598.737750265635
total modeled Diatom = 15676.743566981982
total_modeled_chla = 17275.481317247617
measured chla = 14800.0
total modeled Microcystis = 1614.4467828051772
total modeled Diatom = 15612.427093250357
total_modeled_chla = 17226.873876055535
measured chla = 12530.0
total modeled Microcystis = 1531.23601262414
total modeled Diatom = 15599.656753830724
total_modeled_chla = 17130.892766454865
measured chla = 13010.0
total modeled Microcystis = 1515.5772894911404
total modeled Diatom = 15551.203832872563
total_modeled_chla = 17066.781122363704
measured chla = 8710.0
total modeled Microcystis = 1556.0565997193519
total modeled Diatom = 15464.430473510061
total_modeled_chla = 17020.487073229415
measured chla = 12070.0
total modeled Microcystis = 1557.3628460034502
total modeled Diatom = 15418.844902283485
total_modeled_chla = 16976.20774828693
measured chla = 16700.0
total modeled Microcystis = 1616.8093312574222
total modeled Diatom = 15328.804440085625
total_modeled_chla = 16945.61377134305
measured chla = 12100.0
total modeled Microcystis = 1677.3053324222897
total modeled Diatom = 15244.55791853216
total_modeled_chla = 16921.863250954448
measured chla = 10080.0
total modeled Microcystis = 1717.4669165948994
total modeled Diatom = 15180.285928529076
total_modeled_chla = 16897.752845123974
measured chla = 7880.0
total modeled Microcystis = 1774.1594448671872
total modeled Diatom = 15103.161587014505
total_modeled_chla = 16877.32103188169
measured chla = 14990.0
total modeled Microcystis = 1813.025769673312
total modeled Diatom = 15036.14496161907
total_modeled_chla = 16849.170731292386
measured chla = 7780.000000000001
total modeled Microcystis = 1846.541517315236
total modeled Diatom = 14967.26930231063
total_modeled_chla = 16813.810819625865
measured chla = 16960.000000000004
total modeled Microcystis = 1765.2943769233523
total modeled Diatom = 14966.653490437962
total_modeled_chla = 16731.947867361316
measured chla = 16320.000000000002
total modeled Microcystis = 1580.6209404870974
total modeled Diatom = 15014.228596891406
total_modeled_chla = 16594.8495373785
measured chla = 10760.0
total modeled Microcystis = 1572.219469325197
total modeled Diatom = 14945.222062315108
total_modeled_chla = 16517.441531640303
measured chla = 15720.000000000002
total modeled Microcystis = 1562.462628433222
total modeled Diatom = 14903.383598462866
total_modeled_chla = 16465.84622689609
measured chla = 17140.000000000004
total modeled Microcystis = 1575.906415265344
total modeled Diatom = 14824.545376932232
total_modeled_chla = 16400.45179219758
measured chla = 16649.999999999996
total modeled Microcystis = 1682.58262024221
total modeled Diatom = 14672.21196389351
total_modeled_chla = 16354.79458413572
measured chla = 13850.0
total modeled Microcystis = 1769.7623458657422
total modeled Diatom = 14544.779409644367
total_modeled_chla = 16314.54175551011
measured chla = 15990.0
total modeled Microcystis = 1824.1536689251666
total modeled Diatom = 14449.34619308521
total_modeled_chla = 16273.499862010378
measured chla = 9949.999999999998
total modeled Microcystis = 1756.8102264960428
total modeled Diatom = 14457.843634178102
total_modeled_chla = 16214.653860674141
measured chla = 12330.0
total modeled Microcystis = 1658.636215789787
total modeled Diatom = 14460.439096528384
total_modeled_chla = 16119.07531231817
measured chla = 9730.0
total modeled Microcystis = 1644.8299510071954
total modeled Diatom = 14380.295225942193
total_modeled_chla = 16025.125176949388
measured chla = 10199.999999999998
total modeled Microcystis = 1582.9126849754591
total modeled Diatom = 14363.431388448369
total_modeled_chla = 15946.344073423828
measured chla = 7820.000000000001
total modeled Microcystis = 1552.530378470036
total modeled Diatom = 14280.968705374848
total_modeled_chla = 15833.499083844883
measured chla = 16980.000000000004
total modeled Microcystis = 1600.5318647771617
total modeled Diatom = 14042.902733471465
total_modeled_chla = 15643.434598248628
measured chla = 10170.0
total modeled Microcystis = 1668.8746258141416
total modeled Diatom = 13626.214831213312
total_modeled_chla = 15295.089457027456
measured chla = 10610.0
total modeled Microcystis = 1697.7622187754728
total modeled Diatom = 13098.79731629418
total_modeled_chla = 14796.559535069655
measured chla = 8730.0
total modeled Microcystis = 1763.4402276511707
total modeled Diatom = 12537.648735475052
total_modeled_chla = 14301.088963126222
measured chla = 9830.0
total modeled Microcystis = 2008.2406888491932
total modeled Diatom = 11959.796570614695
total_modeled_chla = 13968.037259463888
measured chla = 11250.0
total modeled Microcystis = 1968.5139536182655
total modeled Diatom = 11685.708955324735
total_modeled_chla = 13654.222908943002
measured chla = 9150.0
total modeled Microcystis = 2276.9155470246537
total modeled Diatom = 11066.077100298282
total_modeled_chla = 13342.992647322937
measured chla = 7110.000000000001
total modeled Microcystis = 2162.5842842442153
total modeled Diatom = 10681.139192070283
total_modeled_chla = 12843.723476314497
measured chla = 8029.999999999999
total modeled Microcystis = 2029.523297678538
total modeled Diatom = 10281.41925403783
total_modeled_chla = 12310.942551716367
measured chla = 7780.000000000001
total modeled Microcystis = 1980.7589149013947
total modeled Diatom = 9888.44981193369
total_modeled_chla = 11869.208726835084
measured chla = 10800.0
total modeled Microcystis = 2198.3552493197703
total modeled Diatom = 9462.075902488754
total_modeled_chla = 11660.431151808521
measured chla = 9020.0
total modeled Microcystis = 2224.43135571828
total modeled Diatom = 9098.417352409906
total_modeled_chla = 11322.848708128184
measured chla = 10119.999999999998
total modeled Microcystis = 2067.1207711546294
total modeled Diatom = 8824.03012102971
total_modeled_chla = 10891.15089218434
measured chla = 9880.000000000002
total modeled Microcystis = 1925.751820304222
total modeled Diatom = 8583.635522402794
total_modeled_chla = 10509.387342707016
measured chla = 15170.0
total modeled Microcystis = 1927.6591221341575
total modeled Diatom = 8335.417839417305
total_modeled_chla = 10263.076961551462
measured chla = 8480.000000000002
total modeled Microcystis = 1961.1006518745176
total modeled Diatom = 8096.607027055152
total_modeled_chla = 10057.70767892967
measured chla = 11740.0
total modeled Microcystis = 1996.0154892462456
total modeled Diatom = 7888.331309072765
total_modeled_chla = 9884.34679831901
measured chla = 13220.0
total modeled Microcystis = 2080.8008547811974
total modeled Diatom = 7686.302927775847
total_modeled_chla = 9767.103782557044
measured chla = 8119.999999999999
total modeled Microcystis = 2193.202453360983
total modeled Diatom = 7493.456471716847
total_modeled_chla = 9686.65892507783
measured chla = 13030.0
total modeled Microcystis = 2487.3527885196277
total modeled Diatom = 7297.747840235059
total_modeled_chla = 9785.100628754688
measured chla = 9660.0
total modeled Microcystis = 2405.166034484289
total modeled Diatom = 7188.235310352023
total_modeled_chla = 9593.401344836311
measured chla = 6929.999999999999
total modeled Microcystis = 2271.4101959682625
total modeled Diatom = 7113.038858779299
total_modeled_chla = 9384.44905474756
measured chla = 8470.0
total modeled Microcystis = 2365.8003343714036
total modeled Diatom = 7015.997808080291
total_modeled_chla = 9381.798142451695
measured chla = 10570.000000000002
total modeled Microcystis = 2571.9783871582654
total modeled Diatom = 6909.901031773724
total_modeled_chla = 9481.879418931989
measured chla = 9880.000000000002
total modeled Microcystis = 2465.3955089005217
total modeled Diatom = 6869.7216760808205
total_modeled_chla = 9335.117184981344
measured chla = 11890.000000000002
total modeled Microcystis = 2388.329334645895
total modeled Diatom = 6856.156285702273
total_modeled_chla = 9244.485620348167
measured chla = 9980.000000000002
total modeled Microcystis = 2360.2591393835655
total modeled Diatom = 6854.109991167686
total_modeled_chla = 9214.369130551251
measured chla = 8940.0
total modeled Microcystis = 2420.3767916954093
total modeled Diatom = 6853.082304266182
total_modeled_chla = 9273.459095961593
measured chla = 8930.0
total modeled Microcystis = 2806.0589648681043
total modeled Diatom = 6814.532454334082
total_modeled_chla = 9620.591419202186
measured chla = 8090.0
total modeled Microcystis = 3250.358606293257
total modeled Diatom = 6765.20185831504
total_modeled_chla = 10015.560464608296
measured chla = 9220.0
total modeled Microcystis = 3032.5018045869538
total modeled Diatom = 6845.691421945062
total_modeled_chla = 9878.193226532017
measured chla = 15670.0
total modeled Microcystis = 3453.4981274316483
total modeled Diatom = 6833.426417890504
total_modeled_chla = 10286.924545322152
measured chla = 11150.0
total modeled Microcystis = 3591.6027617048426
total modeled Diatom = 6867.733157503016
total_modeled_chla = 10459.33591920786
measured chla = 16219.999999999998
total modeled Microcystis = 3608.338563120651
total modeled Diatom = 6930.455165041303
total_modeled_chla = 10538.793728161952
measured chla = 6390.0
total modeled Microcystis = 3627.3195872754986
total modeled Diatom = 7009.583251947013
total_modeled_chla = 10636.902839222512
measured chla = 7780.000000000001
total modeled Microcystis = 3106.6161839535207
total modeled Diatom = 7184.974006733122
total_modeled_chla = 10291.590190686644
measured chla = 13960.000000000002
total modeled Microcystis = 2578.4479851160895
total modeled Diatom = 7367.695324498455
total_modeled_chla = 9946.143309614545
measured chla = 9640.000000000002
total modeled Microcystis = 2281.370597751248
total modeled Diatom = 7518.335616843674
total_modeled_chla = 9799.706214594922
measured chla = 11250.0
total modeled Microcystis = 2392.827973744938
total modeled Diatom = 7619.4028867526295
total_modeled_chla = 10012.230860497566
measured chla = 8340.0
total modeled Microcystis = 2421.274443074774
total modeled Diatom = 8069.531533988905
total_modeled_chla = 10490.80597706368
measured chla = 9000.000000000002
total modeled Microcystis = 2995.6970030160883
total modeled Diatom = 8182.169820158476
total_modeled_chla = 11177.866823174565
measured chla = 12650.0
total modeled Microcystis = 3236.758551400012
total modeled Diatom = 8169.1039022687755
total_modeled_chla = 11405.862453668788
measured chla = 18140.0
total modeled Microcystis = 3480.0621772952823
total modeled Diatom = 8170.048762846249
total_modeled_chla = 11650.110940141529
measured chla = 16410.0
total modeled Microcystis = 3574.6892520288666
total modeled Diatom = 8340.624816163398
total_modeled_chla = 11915.314068192265
measured chla = 20149.999999999996
total modeled Microcystis = 3464.2614047047964
total modeled Diatom = 8822.590363399107
total_modeled_chla = 12286.851768103905
measured chla = 19000.0
total modeled Microcystis = 3442.570161977065
total modeled Diatom = 9013.137272481055
total_modeled_chla = 12455.70743445812
measured chla = 13859.999999999998
total modeled Microcystis = 3457.9937176494054
total modeled Diatom = 8999.0682808031
total_modeled_chla = 12457.061998452502
measured chla = 23300.0
total modeled Microcystis = 3520.4427809800814
total modeled Diatom = 9107.479676364672
total_modeled_chla = 12627.922457344755
measured chla = 23270.0
total modeled Microcystis = 3387.346441816314
total modeled Diatom = 9342.86130748512
total_modeled_chla = 12730.207749301435
measured chla = 23530.000000000004
total modeled Microcystis = 3328.2669293012273
total modeled Diatom = 9570.76138647427
total_modeled_chla = 12899.028315775498
measured chla = 21070.000000000004
total modeled Microcystis = 3164.7237465547323
total modeled Diatom = 9742.928452753691
total_modeled_chla = 12907.652199308422
measured chla = 18040.0
total modeled Microcystis = 2868.2239039634755
total modeled Diatom = 9998.300557779728
total_modeled_chla = 12866.524461743205
measured chla = 18500.0
total modeled Microcystis = 2912.519330738891
total modeled Diatom = 10018.95145306377
total_modeled_chla = 12931.470783802662
measured chla = 10580.0
total modeled Microcystis = 3030.527722878475
total modeled Diatom = 9983.550967252102
total_modeled_chla = 13014.078690130575
measured chla = 9190.0
total modeled Microcystis = 2986.5520577833026
total modeled Diatom = 10026.649161135512
total_modeled_chla = 13013.201218918814
measured chla = 16320.000000000002
total modeled Microcystis = 2908.6047514827765
total modeled Diatom = 10092.7818895836
total_modeled_chla = 13001.386641066378
measured chla = 14850.0
total modeled Microcystis = 2842.7310610715
total modeled Diatom = 10153.4651454312
total_modeled_chla = 12996.1962065027
measured chla = 8690.0
total modeled Microcystis = 2794.5445945742554
total modeled Diatom = 10196.049343123877
total_modeled_chla = 12990.593937698131
measured chla = 12350.0
total modeled Microcystis = 2680.945989873702
total modeled Diatom = 10252.418796347692
total_modeled_chla = 12933.364786221397
measured chla = 9730.0
total modeled Microcystis = 2747.7710424276447
total modeled Diatom = 10224.56070831662
total_modeled_chla = 12972.33175074426
measured chla = 10930.0
total modeled Microcystis = 2757.6544121350566
total modeled Diatom = 10229.244754518231
total_modeled_chla = 12986.899166653286
measured chla = 10680.0
total modeled Microcystis = 2639.5927471349705
total modeled Diatom = 10292.733748957025
total_modeled_chla = 12932.326496091997
measured chla = 9480.0
total modeled Microcystis = 2540.1926796350804
total modeled Diatom = 10336.443912746023
total_modeled_chla = 12876.636592381104
measured chla = 11390.0
total modeled Microcystis = 2451.3664646607713
total modeled Diatom = 10383.021312626895
total_modeled_chla = 12834.387777287664
measured chla = 10780.0
total modeled Microcystis = 2205.504231360085
total modeled Diatom = 10520.622091044726
total_modeled_chla = 12726.12632240481
measured chla = 10560.0
total modeled Microcystis = 2110.7667773723933
total modeled Diatom = 10575.066729871438
total_modeled_chla = 12685.833507243831
measured chla = 19440.000000000004
total modeled Microcystis = 0.0
total modeled Diatom = 0.0
total_modeled_chla = 0.0
measured chla = 13250.0
Total cost of adjoint forcing is 1.5070362518058277e10
Step size is 0.5
Norm of grad is 0.0004655070917911843
Saved adjoint_3_AUGUST6-16.nc 
Running forward model iteration: 4


Running the FORWARD PHYTOPLANKTON MODEL --> we are going forward in time
Adjusting our growth guess using the gamma from: adjoint_3
Will be saving phytoplankton output to: forward_4_AUGUST6-16.nc
...Using growth rate from adjoint model
Saved forward_4_AUGUST6-16.nc 


Running the ADJOINT OPERATOR MODEL --> we are going backward in time
Using the algae guess dataset: forward_4
Will be saving adjoint variable output to: adjoint_4
total modeled Microcystis = 1440.0
total modeled Diatom = 16000.0
total_modeled_chla = 17440.0
measured chla = 9730.0
total modeled Microcystis = 1489.798977353943
total modeled Diatom = 15923.44301774673
total_modeled_chla = 17413.24199510067
measured chla = 15810.000000000002
total modeled Microcystis = 1548.5169228051852
total modeled Diatom = 15839.328797833483
total_modeled_chla = 17387.845720638667
measured chla = 13160.0
total modeled Microcystis = 1553.9717583511163
total modeled Diatom = 15801.955475884402
total_modeled_chla = 17355.927234235518
measured chla = 13820.0
total modeled Microcystis = 1570.1522281102127
total modeled Diatom = 15737.037615998172
total_modeled_chla = 17307.189844108383
measured chla = 10900.0
total modeled Microcystis = 1598.737750265635
total modeled Diatom = 15676.743566981982
total_modeled_chla = 17275.481317247617
measured chla = 14800.0
total modeled Microcystis = 1614.4467828051772
total modeled Diatom = 15612.427093250357
total_modeled_chla = 17226.873876055535
measured chla = 12530.0
total modeled Microcystis = 1531.23601262414
total modeled Diatom = 15599.656753830724
total_modeled_chla = 17130.892766454865
measured chla = 13010.0
total modeled Microcystis = 1515.5772894911404
total modeled Diatom = 15551.203832872563
total_modeled_chla = 17066.781122363704
measured chla = 8710.0
total modeled Microcystis = 1556.0565997193519
total modeled Diatom = 15464.430473510061
total_modeled_chla = 17020.487073229415
measured chla = 12070.0
total modeled Microcystis = 1557.3628460034502
total modeled Diatom = 15418.844902283485
total_modeled_chla = 16976.20774828693
measured chla = 16700.0
total modeled Microcystis = 1616.8093312574222
total modeled Diatom = 15328.804440085625
total_modeled_chla = 16945.61377134305
measured chla = 12100.0
total modeled Microcystis = 1677.3053324222897
total modeled Diatom = 15244.55791853216
total_modeled_chla = 16921.863250954448
measured chla = 10080.0
total modeled Microcystis = 1717.4669165948994
total modeled Diatom = 15180.285928529076
total_modeled_chla = 16897.752845123974
measured chla = 7880.0
total modeled Microcystis = 1774.1594448671872
total modeled Diatom = 15103.161587014505
total_modeled_chla = 16877.32103188169
measured chla = 14990.0
total modeled Microcystis = 1813.025769673312
total modeled Diatom = 15036.14496161907
total_modeled_chla = 16849.170731292386
measured chla = 7780.000000000001
total modeled Microcystis = 1846.541517315236
total modeled Diatom = 14967.26930231063
total_modeled_chla = 16813.810819625865
measured chla = 16960.000000000004
total modeled Microcystis = 1765.2966924188859
total modeled Diatom = 14966.628922704667
total_modeled_chla = 16731.925615123553
measured chla = 16320.000000000002
total modeled Microcystis = 1580.6248449170255
total modeled Diatom = 15014.182327180093
total_modeled_chla = 16594.807172097117
measured chla = 10760.0
total modeled Microcystis = 1572.2291942271502
total modeled Diatom = 14945.096897380941
total_modeled_chla = 16517.32609160809
measured chla = 15720.000000000002
total modeled Microcystis = 1562.476224925047
total modeled Diatom = 14903.20555804025
total_modeled_chla = 16465.681782965297
measured chla = 17140.000000000004
total modeled Microcystis = 1575.9272084089675
total modeled Diatom = 14824.22722455378
total_modeled_chla = 16400.15443296275
measured chla = 16649.999999999996
total modeled Microcystis = 1682.601235115209
total modeled Diatom = 14671.622678746526
total_modeled_chla = 16354.223913861733
measured chla = 13850.0
total modeled Microcystis = 1769.7921413229608
total modeled Diatom = 14543.903210238148
total_modeled_chla = 16313.69535156111
measured chla = 15990.0
total modeled Microcystis = 1824.1653759338592
total modeled Diatom = 14448.233430046255
total_modeled_chla = 16272.398805980116
measured chla = 9949.999999999998
total modeled Microcystis = 1756.8450547274554
total modeled Diatom = 14456.664688765344
total_modeled_chla = 16213.5097434928
measured chla = 12330.0
total modeled Microcystis = 1658.671280357019
total modeled Diatom = 14459.151060915576
total_modeled_chla = 16117.822341272593
measured chla = 9730.0
total modeled Microcystis = 1644.8760596326006
total modeled Diatom = 14378.442285724386
total_modeled_chla = 16023.318345356985
measured chla = 10199.999999999998
total modeled Microcystis = 1582.974911648918
total modeled Diatom = 14361.26302422276
total_modeled_chla = 15944.237935871675
measured chla = 7820.000000000001
total modeled Microcystis = 1552.6068935372255
total modeled Diatom = 14277.051621689341
total_modeled_chla = 15829.658515226567
measured chla = 16980.000000000004
total modeled Microcystis = 1600.5314477690795
total modeled Diatom = 14032.227731031406
total_modeled_chla = 15632.759178800488
measured chla = 10170.0
total modeled Microcystis = 1668.1321179451081
total modeled Diatom = 13596.132487365789
total_modeled_chla = 15264.264605310895
measured chla = 10610.0
total modeled Microcystis = 1694.7957626289715
total modeled Diatom = 13040.173837776852
total_modeled_chla = 14734.969600405822
measured chla = 8730.0
total modeled Microcystis = 1760.0116952598764
total modeled Diatom = 12450.19948366062
total_modeled_chla = 14210.2111789205
measured chla = 9830.0
total modeled Microcystis = 2004.3934423610883
total modeled Diatom = 11849.648810957882
total_modeled_chla = 13854.04225331897
measured chla = 11250.0
total modeled Microcystis = 1964.0129166069692
total modeled Diatom = 11563.330149414262
total_modeled_chla = 13527.34306602123
measured chla = 9150.0
total modeled Microcystis = 2270.8873502733277
total modeled Diatom = 10919.257728492346
total_modeled_chla = 13190.145078765674
measured chla = 7110.000000000001
total modeled Microcystis = 2156.5074867526223
total modeled Diatom = 10515.89986590716
total_modeled_chla = 12672.40735265978
measured chla = 8029.999999999999
total modeled Microcystis = 2024.4255304207334
total modeled Diatom = 10096.711213158402
total_modeled_chla = 12121.136743579134
measured chla = 7780.000000000001
total modeled Microcystis = 1976.5463620118642
total modeled Diatom = 9687.349020467416
total_modeled_chla = 11663.89538247928
measured chla = 10800.0
total modeled Microcystis = 2193.8147186752003
total modeled Diatom = 9249.635800667162
total_modeled_chla = 11443.45051934236
measured chla = 9020.0
total modeled Microcystis = 2219.7762791057175
total modeled Diatom = 8876.576806864663
total_modeled_chla = 11096.35308597038
measured chla = 10119.999999999998
total modeled Microcystis = 2062.5873322648627
total modeled Diatom = 8594.681159793197
total_modeled_chla = 10657.268492058061
measured chla = 9880.000000000002
total modeled Microcystis = 1920.9148064167837
total modeled Diatom = 8348.659081289274
total_modeled_chla = 10269.57388770606
measured chla = 15170.0
total modeled Microcystis = 1923.0701528248567
total modeled Diatom = 8098.708653134381
total_modeled_chla = 10021.77880595924
measured chla = 8480.000000000002
total modeled Microcystis = 1955.7761627192217
total modeled Diatom = 7859.237263592817
total_modeled_chla = 9815.01342631204
measured chla = 11740.0
total modeled Microcystis = 1990.265802524529
total modeled Diatom = 7652.243629842444
total_modeled_chla = 9642.509432366973
measured chla = 13220.0
total modeled Microcystis = 2075.005794860514
total modeled Diatom = 7453.353555047914
total_modeled_chla = 9528.359349908427
measured chla = 8119.999999999999
total modeled Microcystis = 2186.5010209764337
total modeled Diatom = 7263.726916711976
total_modeled_chla = 9450.22793768841
measured chla = 13030.0
total modeled Microcystis = 2479.5921903079497
total modeled Diatom = 7073.2720148567305
total_modeled_chla = 9552.86420516468
measured chla = 9660.0
total modeled Microcystis = 2397.9048451434164
total modeled Diatom = 6968.7646712368505
total_modeled_chla = 9366.669516380269
measured chla = 6929.999999999999
total modeled Microcystis = 2263.8736749558093
total modeled Diatom = 6898.119910435351
total_modeled_chla = 9161.993585391161
measured chla = 8470.0
total modeled Microcystis = 2356.3460844926094
total modeled Diatom = 6805.6956116794345
total_modeled_chla = 9162.041696172044
measured chla = 10570.000000000002
total modeled Microcystis = 2559.998637708518
total modeled Diatom = 6704.805813412195
total_modeled_chla = 9264.804451120715
measured chla = 9880.000000000002
total modeled Microcystis = 2452.3857918345534
total modeled Diatom = 6669.403734413112
total_modeled_chla = 9121.789526247665
measured chla = 11890.000000000002
total modeled Microcystis = 2375.292309520703
total modeled Diatom = 6661.1717525622
total_modeled_chla = 9036.464062082903
measured chla = 9980.000000000002
total modeled Microcystis = 2346.819148519561
total modeled Diatom = 6664.610639837882
total_modeled_chla = 9011.429788357442
measured chla = 8940.0
total modeled Microcystis = 2405.391204453609
total modeled Diatom = 6669.008184061131
total_modeled_chla = 9074.39938851474
measured chla = 8930.0
total modeled Microcystis = 2786.148038736111
total modeled Diatom = 6636.063017808693
total_modeled_chla = 9422.211056544804
measured chla = 8090.0
total modeled Microcystis = 3222.4288279159287
total modeled Diatom = 6592.03838252053
total_modeled_chla = 9814.467210436458
measured chla = 9220.0
total modeled Microcystis = 3000.846711270215
total modeled Diatom = 6677.084486314286
total_modeled_chla = 9677.931197584501
measured chla = 15670.0
total modeled Microcystis = 3415.650303067518
total modeled Diatom = 6669.996573681858
total_modeled_chla = 10085.646876749377
measured chla = 11150.0
total modeled Microcystis = 3548.795354571136
total modeled Diatom = 6709.11337411947
total_modeled_chla = 10257.908728690605
measured chla = 16219.999999999998
total modeled Microcystis = 3565.034332138952
total modeled Diatom = 6776.569764728335
total_modeled_chla = 10341.604096867286
measured chla = 6390.0
total modeled Microcystis = 3579.9433619454067
total modeled Diatom = 6860.198095720487
total_modeled_chla = 10440.141457665895
measured chla = 7780.000000000001
total modeled Microcystis = 3059.954967016302
total modeled Diatom = 7039.459858052634
total_modeled_chla = 10099.414825068936
measured chla = 13960.000000000002
total modeled Microcystis = 2537.691964025569
total modeled Diatom = 7225.700648738408
total_modeled_chla = 9763.392612763977
measured chla = 9640.000000000002
total modeled Microcystis = 2243.67297628145
total modeled Diatom = 7379.815627503346
total_modeled_chla = 9623.488603784795
measured chla = 11250.0
total modeled Microcystis = 2351.921401505873
total modeled Diatom = 7485.177005281514
total_modeled_chla = 9837.098406787389
measured chla = 8340.0
total modeled Microcystis = 2377.8534807760598
total modeled Diatom = 7945.3726184427205
total_modeled_chla = 10323.226099218782
measured chla = 9000.000000000002
total modeled Microcystis = 2937.7092529146835
total modeled Diatom = 8064.107511775828
total_modeled_chla = 11001.81676469051
measured chla = 12650.0
total modeled Microcystis = 3171.252221612954
total modeled Diatom = 8053.886804578181
total_modeled_chla = 11225.139026191138
measured chla = 18140.0
total modeled Microcystis = 3408.6184420698955
total modeled Diatom = 8057.534951415163
total_modeled_chla = 11466.15339348506
measured chla = 16410.0
total modeled Microcystis = 3501.5042413106707
total modeled Diatom = 8232.769837194837
total_modeled_chla = 11734.274078505508
measured chla = 20149.999999999996
total modeled Microcystis = 3393.6623872230025
total modeled Diatom = 8723.869187888698
total_modeled_chla = 12117.531575111698
measured chla = 19000.0
total modeled Microcystis = 3372.4287574457367
total modeled Diatom = 8919.492885087224
total_modeled_chla = 12291.92164253296
measured chla = 13859.999999999998
total modeled Microcystis = 3388.129132400241
total modeled Diatom = 8907.098176924253
total_modeled_chla = 12295.227309324493
measured chla = 23300.0
total modeled Microcystis = 3449.779656371032
total modeled Diatom = 9019.409607908736
total_modeled_chla = 12469.189264279765
measured chla = 23270.0
total modeled Microcystis = 3320.002941643471
total modeled Diatom = 9259.957114360719
total_modeled_chla = 12579.960056004189
measured chla = 23530.000000000004
total modeled Microcystis = 3262.572870480847
total modeled Diatom = 9493.481550483455
total_modeled_chla = 12756.054420964301
measured chla = 21070.000000000004
total modeled Microcystis = 3102.738791349852
total modeled Diatom = 9669.897323404963
total_modeled_chla = 12772.636114754814
measured chla = 18040.0
total modeled Microcystis = 2812.501104186642
total modeled Diatom = 9930.476497759664
total_modeled_chla = 12742.977601946302
measured chla = 18500.0
total modeled Microcystis = 2856.103445948636
total modeled Diatom = 9953.490321457331
total_modeled_chla = 12809.593767405966
measured chla = 10580.0
total modeled Microcystis = 2971.939061507264
total modeled Diatom = 9919.698283721926
total_modeled_chla = 12891.63734522919
measured chla = 9190.0
total modeled Microcystis = 2928.9880780107997
total modeled Diatom = 9964.890015750016
total_modeled_chla = 12893.878093760813
measured chla = 16320.000000000002
total modeled Microcystis = 2852.710590074253
total modeled Diatom = 10033.265749045402
total_modeled_chla = 12885.976339119657
measured chla = 14850.0
total modeled Microcystis = 2788.245625538323
total modeled Diatom = 10096.138139078785
total_modeled_chla = 12884.383764617105
measured chla = 8690.0
total modeled Microcystis = 2741.0943682242273
total modeled Diatom = 10140.690787058973
total_modeled_chla = 12881.7851552832
measured chla = 12350.0
total modeled Microcystis = 2629.765817791915
total modeled Diatom = 10198.856058066187
total_modeled_chla = 12828.6218758581
measured chla = 9730.0
total modeled Microcystis = 2695.3650782973573
total modeled Diatom = 10172.364375633948
total_modeled_chla = 12867.72945393131
measured chla = 10930.0
total modeled Microcystis = 2705.116836758621
total modeled Diatom = 10178.559819413593
total_modeled_chla = 12883.676656172214
measured chla = 10680.0
total modeled Microcystis = 2589.372512391062
total modeled Diatom = 10243.663955597856
total_modeled_chla = 12833.036467988919
measured chla = 9480.0
total modeled Microcystis = 2491.9163610876353
total modeled Diatom = 10288.682895325508
total_modeled_chla = 12780.599256413143
measured chla = 11390.0
total modeled Microcystis = 2404.823994892534
total modeled Diatom = 10336.766332815207
total_modeled_chla = 12741.59032770774
measured chla = 10780.0
total modeled Microcystis = 2163.6813571188386
total modeled Diatom = 10476.423607114473
total_modeled_chla = 12640.104964233311
measured chla = 10560.0
total modeled Microcystis = 2070.768127373614
total modeled Diatom = 10532.461439104232
total_modeled_chla = 12603.229566477848
measured chla = 19440.000000000004
total modeled Microcystis = 0.0
total modeled Diatom = 0.0
total_modeled_chla = 0.0
measured chla = 13250.0
Total cost of adjoint forcing is 1.5200792382559896e10
Step size is 0.1
Norm of grad is 0.0005538204786771131
Saved adjoint_4_AUGUST6-16.nc 
Running forward model iteration: 5


Running the FORWARD PHYTOPLANKTON MODEL --> we are going forward in time
Adjusting our growth guess using the gamma from: adjoint_4
Will be saving phytoplankton output to: forward_5_AUGUST6-16.nc
...Using growth rate from adjoint model
Saved forward_5_AUGUST6-16.nc 


Running the ADJOINT OPERATOR MODEL --> we are going backward in time
Using the algae guess dataset: forward_5
Will be saving adjoint variable output to: adjoint_5
total modeled Microcystis = 1440.0
total modeled Diatom = 16000.0
total_modeled_chla = 17440.0
measured chla = 9730.0
total modeled Microcystis = 1489.798977353943
total modeled Diatom = 15923.44301774673
total_modeled_chla = 17413.24199510067
measured chla = 15810.000000000002
total modeled Microcystis = 1548.5169228051852
total modeled Diatom = 15839.328797833483
total_modeled_chla = 17387.845720638667
measured chla = 13160.0
total modeled Microcystis = 1553.9717583511163
total modeled Diatom = 15801.955475884402
total_modeled_chla = 17355.927234235518
measured chla = 13820.0
total modeled Microcystis = 1570.1522281102127
total modeled Diatom = 15737.037615998172
total_modeled_chla = 17307.189844108383
measured chla = 10900.0
total modeled Microcystis = 1598.737750265635
total modeled Diatom = 15676.743566981982
total_modeled_chla = 17275.481317247617
measured chla = 14800.0
total modeled Microcystis = 1614.4467828051772
total modeled Diatom = 15612.427093250357
total_modeled_chla = 17226.873876055535
measured chla = 12530.0
total modeled Microcystis = 1531.23601262414
total modeled Diatom = 15599.656753830724
total_modeled_chla = 17130.892766454865
measured chla = 13010.0
total modeled Microcystis = 1515.5772894911404
total modeled Diatom = 15551.203832872563
total_modeled_chla = 17066.781122363704
measured chla = 8710.0
total modeled Microcystis = 1556.0565997193519
total modeled Diatom = 15464.430473510061
total_modeled_chla = 17020.487073229415
measured chla = 12070.0
total modeled Microcystis = 1557.3628460034502
total modeled Diatom = 15418.844902283485
total_modeled_chla = 16976.20774828693
measured chla = 16700.0
total modeled Microcystis = 1616.8093312574222
total modeled Diatom = 15328.804440085625
total_modeled_chla = 16945.61377134305
measured chla = 12100.0
total modeled Microcystis = 1677.3053324222897
total modeled Diatom = 15244.55791853216
total_modeled_chla = 16921.863250954448
measured chla = 10080.0
total modeled Microcystis = 1717.4669165948994
total modeled Diatom = 15180.285928529076
total_modeled_chla = 16897.752845123974
measured chla = 7880.0
total modeled Microcystis = 1774.1594448671872
total modeled Diatom = 15103.161587014505
total_modeled_chla = 16877.32103188169
measured chla = 14990.0
total modeled Microcystis = 1813.025769673312
total modeled Diatom = 15036.14496161907
total_modeled_chla = 16849.170731292386
measured chla = 7780.000000000001
total modeled Microcystis = 1846.541517315236
total modeled Diatom = 14967.26930231063
total_modeled_chla = 16813.810819625865
measured chla = 16960.000000000004
total modeled Microcystis = 1765.2971186030543
total modeled Diatom = 14966.623193155017
total_modeled_chla = 16731.92031175807
measured chla = 16320.000000000002
total modeled Microcystis = 1580.6255618066318
total modeled Diatom = 15014.171529462532
total_modeled_chla = 16594.797091269164
measured chla = 10760.0
total modeled Microcystis = 1572.2309879012096
total modeled Diatom = 14945.067835504302
total_modeled_chla = 16517.298823405512
measured chla = 15720.000000000002
total modeled Microcystis = 1562.4787350053216
total modeled Diatom = 14903.164294943974
total_modeled_chla = 16465.643029949293
measured chla = 17140.000000000004
total modeled Microcystis = 1575.9310231317224
total modeled Diatom = 14824.15279617555
total_modeled_chla = 16400.08381930727
measured chla = 16649.999999999996
total modeled Microcystis = 1682.6046767163243
total modeled Diatom = 14671.483044552575
total_modeled_chla = 16354.087721268897
measured chla = 13850.0
total modeled Microcystis = 1769.797593619672
total modeled Diatom = 14543.696055791113
total_modeled_chla = 16313.493649410786
measured chla = 15990.0
total modeled Microcystis = 1824.1676638207248
total modeled Diatom = 14447.970180069762
total_modeled_chla = 16272.137843890485
measured chla = 9949.999999999998
total modeled Microcystis = 1756.851483995993
total modeled Diatom = 14456.388007022873
total_modeled_chla = 16213.239491018865
measured chla = 12330.0
total modeled Microcystis = 1658.6777837388806
total modeled Diatom = 14458.850379356807
total_modeled_chla = 16117.528163095687
measured chla = 9730.0
total modeled Microcystis = 1644.8845864312705
total modeled Diatom = 14378.013013043319
total_modeled_chla = 16022.897599474587
measured chla = 10199.999999999998
total modeled Microcystis = 1582.9863612907805
total modeled Diatom = 14360.76396722084
total_modeled_chla = 15943.75032851162
measured chla = 7820.000000000001
total modeled Microcystis = 1552.62095591124
total modeled Diatom = 14276.157339297008
total_modeled_chla = 15828.77829520825
measured chla = 16980.000000000004
total modeled Microcystis = 1600.5327027390665
total modeled Diatom = 14029.780179806143
total_modeled_chla = 15630.31288254521
measured chla = 10170.0
total modeled Microcystis = 1668.016194575847
total modeled Diatom = 13589.16087789639
total_modeled_chla = 15257.177072472234
measured chla = 10610.0
total modeled Microcystis = 1694.345366353828
total modeled Diatom = 13026.52415945537
total_modeled_chla = 14720.869525809196
measured chla = 8730.0
total modeled Microcystis = 1759.480094416586
total modeled Diatom = 12429.844940715742
total_modeled_chla = 14189.325035132326
measured chla = 9830.0
total modeled Microcystis = 2003.7900847644664
total modeled Diatom = 11824.055154360381
total_modeled_chla = 13827.845239124848
measured chla = 11250.0
total modeled Microcystis = 1963.306655479026
total modeled Diatom = 11534.93288553319
total_modeled_chla = 13498.239541012214
measured chla = 9150.0
total modeled Microcystis = 2269.9371571549605
total modeled Diatom = 10885.229106176426
total_modeled_chla = 13155.166263331384
measured chla = 7110.000000000001
total modeled Microcystis = 2155.550935322112
total modeled Diatom = 10477.65477654386
total_modeled_chla = 12633.205711865972
measured chla = 8029.999999999999
total modeled Microcystis = 2023.623853657131
total modeled Diatom = 10054.032147747233
total_modeled_chla = 12077.656001404364
measured chla = 7780.000000000001
total modeled Microcystis = 1975.8774828743112
total modeled Diatom = 9640.986250782928
total_modeled_chla = 11616.863733657237
measured chla = 10800.0
total modeled Microcystis = 2193.075370023084
total modeled Diatom = 9200.778174581097
total_modeled_chla = 11393.85354460418
measured chla = 9020.0
total modeled Microcystis = 2218.9728365484543
total modeled Diatom = 8825.680099947405
total_modeled_chla = 11044.65293649586
measured chla = 10119.999999999998
total modeled Microcystis = 2061.7386046428355
total modeled Diatom = 8542.183944484028
total_modeled_chla = 10603.922549126863
measured chla = 9880.000000000002
total modeled Microcystis = 1919.934720222515
total modeled Diatom = 8294.998604378472
total_modeled_chla = 10214.933324600988
measured chla = 15170.0
total modeled Microcystis = 1922.125717810364
total modeled Diatom = 8044.758020858818
total_modeled_chla = 9966.883738669183
measured chla = 8480.000000000002
total modeled Microcystis = 1954.642904737571
total modeled Diatom = 7805.24283743556
total_modeled_chla = 9759.885742173132
measured chla = 11740.0
total modeled Microcystis = 1989.018922149359
total modeled Diatom = 7598.634611493201
total_modeled_chla = 9587.65353364256
measured chla = 13220.0
total modeled Microcystis = 2073.739615158132
total modeled Diatom = 7400.530197628012
total_modeled_chla = 9474.269812786146
measured chla = 8119.999999999999
total modeled Microcystis = 2185.0152122509544
total modeled Diatom = 7211.706158245438
total_modeled_chla = 9396.721370496392
measured chla = 13030.0
total modeled Microcystis = 2477.861596869824
total modeled Diatom = 7022.492730757521
total_modeled_chla = 9500.354327627345
measured chla = 9660.0
total modeled Microcystis = 2396.257987861932
total modeled Diatom = 6919.1601309215785
total_modeled_chla = 9315.418118783511
measured chla = 6929.999999999999
total modeled Microcystis = 2262.1315687019955
total modeled Diatom = 6849.588974343217
total_modeled_chla = 9111.720543045212
measured chla = 8470.0
total modeled Microcystis = 2354.141191118529
total modeled Diatom = 6758.249749216043
total_modeled_chla = 9112.390940334571
measured chla = 10570.000000000002
total modeled Microcystis = 2557.188347816676
total modeled Diatom = 6658.569402306867
total_modeled_chla = 9215.757750123543
measured chla = 9880.000000000002
total modeled Microcystis = 2449.3094365763973
total modeled Diatom = 6624.273681227061
total_modeled_chla = 9073.583117803459
measured chla = 11890.000000000002
total modeled Microcystis = 2372.191542990962
total modeled Diatom = 6617.262308016341
total_modeled_chla = 8989.453851007302
measured chla = 9980.000000000002
total modeled Microcystis = 2343.609588454503
total modeled Diatom = 6621.951187614771
total_modeled_chla = 8965.560776069271
measured chla = 8940.0
total modeled Microcystis = 2401.806769841547
total modeled Diatom = 6627.583505401861
total_modeled_chla = 9029.390275243408
measured chla = 8930.0
total modeled Microcystis = 2781.3913184027224
total modeled Diatom = 6595.912698788591
total_modeled_chla = 9377.304017191316
measured chla = 8090.0
total modeled Microcystis = 3215.7577729209775
total modeled Diatom = 6553.095997485662
total_modeled_chla = 9768.85377040664
measured chla = 9220.0
total modeled Microcystis = 2993.253440806006
total modeled Diatom = 6639.178213267977
total_modeled_chla = 9632.431654073984
measured chla = 15670.0
total modeled Microcystis = 3406.5955305227094
total modeled Diatom = 6633.260491012201
total_modeled_chla = 10039.85602153491
measured chla = 11150.0
total modeled Microcystis = 3538.5573531964005
total modeled Diatom = 6673.463186029797
total_modeled_chla = 10212.020539226198
measured chla = 16219.999999999998
total modeled Microcystis = 3554.6620070131235
total modeled Diatom = 6741.983105299624
total_modeled_chla = 10296.645112312748
measured chla = 6390.0
total modeled Microcystis = 3568.6044327096947
total modeled Diatom = 6826.62330588558
total_modeled_chla = 10395.227738595275
measured chla = 7780.000000000001
total modeled Microcystis = 3048.7577678516873
total modeled Diatom = 7006.752809274956
total_modeled_chla = 10055.510577126643
measured chla = 13960.000000000002
total modeled Microcystis = 2527.920391226617
total modeled Diatom = 7193.780069671143
total_modeled_chla = 9721.70046089776
measured chla = 9640.000000000002
total modeled Microcystis = 2234.6442161033383
total modeled Diatom = 7348.668365128385
total_modeled_chla = 9583.312581231721
measured chla = 11250.0
total modeled Microcystis = 2342.1431039816257
total modeled Diatom = 7454.98392445169
total_modeled_chla = 9797.127028433315
measured chla = 8340.0
total modeled Microcystis = 2367.4708089312276
total modeled Diatom = 7917.415448117941
total_modeled_chla = 10284.886257049171
measured chla = 9000.000000000002
total modeled Microcystis = 2923.813531871138
total modeled Diatom = 8037.500486811404
total_modeled_chla = 10961.314018682544
measured chla = 12650.0
total modeled Microcystis = 3155.5117923498233
total modeled Diatom = 8027.90091921816
total_modeled_chla = 11183.412711567982
measured chla = 18140.0
total modeled Microcystis = 3391.4651783865006
total modeled Diatom = 8032.142830745295
total_modeled_chla = 11423.608009131796
measured chla = 16410.0
total modeled Microcystis = 3483.943465204514
total modeled Diatom = 8208.411540284269
total_modeled_chla = 11692.355005488786
measured chla = 20149.999999999996
total modeled Microcystis = 3376.7276459370073
total modeled Diatom = 8701.555950115768
total_modeled_chla = 12078.283596052775
measured chla = 19000.0
total modeled Microcystis = 3355.6046065023797
total modeled Diatom = 8898.317333004714
total_modeled_chla = 12253.921939507094
measured chla = 13859.999999999998
total modeled Microcystis = 3371.373031584209
total modeled Diatom = 8886.296454553229
total_modeled_chla = 12257.669486137438
measured chla = 23300.0
total modeled Microcystis = 3432.831606833628
total modeled Diatom = 8999.487752671686
total_modeled_chla = 12432.319359505314
measured chla = 23270.0
total modeled Microcystis = 3303.8511205732843
total modeled Diatom = 9241.201089119033
total_modeled_chla = 12545.052209692318
measured chla = 23530.000000000004
total modeled Microcystis = 3246.8167607836845
total modeled Diatom = 9475.995598759311
total_modeled_chla = 12722.812359542993
measured chla = 21070.000000000004
total modeled Microcystis = 3087.872242997447
total modeled Diatom = 9653.371110764583
total_modeled_chla = 12741.243353762033
measured chla = 18040.0
total modeled Microcystis = 2799.136430873022
total modeled Diatom = 9915.12679973191
total_modeled_chla = 12714.263230604935
measured chla = 18500.0
total modeled Microcystis = 2842.572524143531
total modeled Diatom = 9938.674780474783
total_modeled_chla = 12781.247304618313
measured chla = 10580.0
total modeled Microcystis = 2957.887003802363
total modeled Diatom = 9905.246434359764
total_modeled_chla = 12863.133438162125
measured chla = 9190.0
total modeled Microcystis = 2915.181764343153
total modeled Diatom = 9950.911424250637
total_modeled_chla = 12866.09318859379
measured chla = 16320.000000000002
total modeled Microcystis = 2839.304753291622
total modeled Diatom = 10019.794221114114
total_modeled_chla = 12859.098974405739
measured chla = 14850.0
total modeled Microcystis = 2775.177647632775
total modeled Diatom = 10083.161550479965
total_modeled_chla = 12858.339198112737
measured chla = 8690.0
total modeled Microcystis = 2728.2746673160177
total modeled Diatom = 10128.159301507769
total_modeled_chla = 12856.433968823785
measured chla = 12350.0
total modeled Microcystis = 2617.4905654513645
total modeled Diatom = 10186.730652283322
total_modeled_chla = 12804.221217734686
measured chla = 9730.0
total modeled Microcystis = 2682.795822288027
total modeled Diatom = 10160.548048450082
total_modeled_chla = 12843.34387073811
measured chla = 10930.0
total modeled Microcystis = 2692.51600899608
total modeled Diatom = 10167.085340142046
total_modeled_chla = 12859.601349138127
measured chla = 10680.0
total modeled Microcystis = 2577.3274784486675
total modeled Diatom = 10232.554738692472
total_modeled_chla = 12809.88221714114
measured chla = 9480.0
total modeled Microcystis = 2480.337559094114
total modeled Diatom = 10277.869674211635
total_modeled_chla = 12758.20723330575
measured chla = 11390.0
total modeled Microcystis = 2393.6610422941544
total modeled Diatom = 10326.293745998768
total_modeled_chla = 12719.95478829292
measured chla = 10780.0
total modeled Microcystis = 2153.6503683021765
total modeled Diatom = 10466.416121011172
total_modeled_chla = 12620.066489313349
measured chla = 10560.0
total modeled Microcystis = 2061.1746661628554
total modeled Diatom = 10522.814337894966
total_modeled_chla = 12583.989004057823
measured chla = 19440.000000000004
total modeled Microcystis = 0.0
total modeled Diatom = 0.0
total_modeled_chla = 0.0
measured chla = 13250.0
Total cost of adjoint forcing is 1.5234941853939417e10
Step size is 0.01
Norm of grad is 0.0005783021670512304
Saved adjoint_5_AUGUST6-16.nc 
Running forward model iteration: 6


Running the FORWARD PHYTOPLANKTON MODEL --> we are going forward in time
Adjusting our growth guess using the gamma from: adjoint_5
Will be saving phytoplankton output to: forward_6_AUGUST6-16.nc
...Using growth rate from adjoint model
Saved forward_6_AUGUST6-16.nc 


Running the ADJOINT OPERATOR MODEL --> we are going backward in time
Using the algae guess dataset: forward_6
Will be saving adjoint variable output to: adjoint_6
total modeled Microcystis = 1440.0
total modeled Diatom = 16000.0
total_modeled_chla = 17440.0
measured chla = 9730.0
total modeled Microcystis = 1489.798977353943
total modeled Diatom = 15923.44301774673
total_modeled_chla = 17413.24199510067
measured chla = 15810.000000000002
total modeled Microcystis = 1548.5169228051852
total modeled Diatom = 15839.328797833483
total_modeled_chla = 17387.845720638667
measured chla = 13160.0
total modeled Microcystis = 1553.9717583511163
total modeled Diatom = 15801.955475884402
total_modeled_chla = 17355.927234235518
measured chla = 13820.0
total modeled Microcystis = 1570.1522281102127
total modeled Diatom = 15737.037615998172
total_modeled_chla = 17307.189844108383
measured chla = 10900.0
total modeled Microcystis = 1598.737750265635
total modeled Diatom = 15676.743566981982
total_modeled_chla = 17275.481317247617
measured chla = 14800.0
total modeled Microcystis = 1614.4467828051772
total modeled Diatom = 15612.427093250357
total_modeled_chla = 17226.873876055535
measured chla = 12530.0
total modeled Microcystis = 1531.23601262414
total modeled Diatom = 15599.656753830724
total_modeled_chla = 17130.892766454865
measured chla = 13010.0
total modeled Microcystis = 1515.5772894911404
total modeled Diatom = 15551.203832872563
total_modeled_chla = 17066.781122363704
measured chla = 8710.0
total modeled Microcystis = 1556.0565997193519
total modeled Diatom = 15464.430473510061
total_modeled_chla = 17020.487073229415
measured chla = 12070.0
total modeled Microcystis = 1557.3628460034502
total modeled Diatom = 15418.844902283485
total_modeled_chla = 16976.20774828693
measured chla = 16700.0
total modeled Microcystis = 1616.8093312574222
total modeled Diatom = 15328.804440085625
total_modeled_chla = 16945.61377134305
measured chla = 12100.0
total modeled Microcystis = 1677.3053324222897
total modeled Diatom = 15244.55791853216
total_modeled_chla = 16921.863250954448
measured chla = 10080.0
total modeled Microcystis = 1717.4669165948994
total modeled Diatom = 15180.285928529076
total_modeled_chla = 16897.752845123974
measured chla = 7880.0
total modeled Microcystis = 1774.1594448671872
total modeled Diatom = 15103.161587014505
total_modeled_chla = 16877.32103188169
measured chla = 14990.0
total modeled Microcystis = 1813.025769673312
total modeled Diatom = 15036.14496161907
total_modeled_chla = 16849.170731292386
measured chla = 7780.000000000001
total modeled Microcystis = 1846.541517315236
total modeled Diatom = 14967.26930231063
total_modeled_chla = 16813.810819625865
measured chla = 16960.000000000004
total modeled Microcystis = 1765.2971605330501
total modeled Diatom = 14966.622601528483
total_modeled_chla = 16731.919762061534
measured chla = 16320.000000000002
total modeled Microcystis = 1580.6256323056698
total modeled Diatom = 15014.170414365488
total_modeled_chla = 16594.79604667116
measured chla = 10760.0
total modeled Microcystis = 1572.2311644371262
total modeled Diatom = 14945.064837098424
total_modeled_chla = 16517.29600153555
measured chla = 15720.000000000002
total modeled Microcystis = 1562.4789820915432
total modeled Diatom = 14903.160039174962
total_modeled_chla = 16465.639021266503
measured chla = 17140.000000000004
total modeled Microcystis = 1575.9313982163821
total modeled Diatom = 14824.145106215072
total_modeled_chla = 16400.076504431454
measured chla = 16649.999999999996
total modeled Microcystis = 1682.6050155745893
total modeled Diatom = 14671.468582997879
total_modeled_chla = 16354.07359857247
measured chla = 13850.0
total modeled Microcystis = 1769.7981294636759
total modeled Diatom = 14543.674610150618
total_modeled_chla = 16313.472739614295
measured chla = 15990.0
total modeled Microcystis = 1824.167891185159
total modeled Diatom = 14447.942923861858
total_modeled_chla = 16272.110815047015
measured chla = 9949.999999999998
total modeled Microcystis = 1756.8521168059626
total modeled Diatom = 14456.359402735237
total_modeled_chla = 16213.2115195412
measured chla = 12330.0
total modeled Microcystis = 1658.6784243553964
total modeled Diatom = 14458.819324541113
total_modeled_chla = 16117.497748896509
measured chla = 9730.0
total modeled Microcystis = 1644.8854259112397
total modeled Diatom = 14377.968739830078
total_modeled_chla = 16022.854165741317
measured chla = 10199.999999999998
total modeled Microcystis = 1582.9874875190337
total modeled Diatom = 14360.71256070356
total_modeled_chla = 15943.700048222594
measured chla = 7820.000000000001
total modeled Microcystis = 1552.6223387000898
total modeled Diatom = 14276.065353800534
total_modeled_chla = 15828.687692500622
measured chla = 16980.000000000004
total modeled Microcystis = 1600.5328484018141
total modeled Diatom = 14029.528128386528
total_modeled_chla = 15630.060976788342
measured chla = 10170.0
total modeled Microcystis = 1668.005121247907
total modeled Diatom = 13588.441082805688
total_modeled_chla = 15256.446204053596
measured chla = 10610.0
total modeled Microcystis = 1694.3025237834083
total modeled Diatom = 13025.113316280842
total_modeled_chla = 14719.415840064252
measured chla = 8730.0
total modeled Microcystis = 1759.4293666331473
total modeled Diatom = 12427.741118996326
total_modeled_chla = 14187.170485629471
measured chla = 9830.0
total modeled Microcystis = 2003.7324130126856
total modeled Diatom = 11821.410694505937
total_modeled_chla = 13825.143107518625
measured chla = 11250.0
total modeled Microcystis = 1963.2391612668278
total modeled Diatom = 11531.999550335076
total_modeled_chla = 13495.238711601905
measured chla = 9150.0
total modeled Microcystis = 2269.8463087197383
total modeled Diatom = 10881.714848586655
total_modeled_chla = 13151.561157306394
measured chla = 7110.000000000001
total modeled Microcystis = 2155.4595501689387
total modeled Diatom = 10473.70617329287
total_modeled_chla = 12629.165723461809
measured chla = 8029.999999999999
total modeled Microcystis = 2023.5473008502424
total modeled Diatom = 10049.627277550857
total_modeled_chla = 12073.174578401102
measured chla = 7780.000000000001
total modeled Microcystis = 1975.8134111589777
total modeled Diatom = 9636.203411677454
total_modeled_chla = 11612.016822836433
measured chla = 10800.0
total modeled Microcystis = 2193.004043316241
total modeled Diatom = 9195.740550102739
total_modeled_chla = 11388.744593418978
measured chla = 9020.0
total modeled Microcystis = 2218.8941745846473
total modeled Diatom = 8820.434885765992
total_modeled_chla = 11039.329060350641
measured chla = 10119.999999999998
total modeled Microcystis = 2061.6539526819374
total modeled Diatom = 8536.776436193706
total_modeled_chla = 10598.430388875644
measured chla = 9880.000000000002
total modeled Microcystis = 1919.8353821519806
total modeled Diatom = 8289.473985008208
total_modeled_chla = 10209.309367160187
measured chla = 15170.0
total modeled Microcystis = 1922.029690055818
total modeled Diatom = 8039.205846844861
total_modeled_chla = 9961.235536900682
measured chla = 8480.000000000002
total modeled Microcystis = 1954.5269684443858
total modeled Diatom = 7799.6884904554745
total_modeled_chla = 9754.215458899858
measured chla = 11740.0
total modeled Microcystis = 1988.8909362736067
total modeled Diatom = 7593.121966116682
total_modeled_chla = 9582.012902390288
measured chla = 13220.0
total modeled Microcystis = 2073.609446854625
total modeled Diatom = 7395.099955849228
total_modeled_chla = 9468.709402703853
measured chla = 8119.999999999999
total modeled Microcystis = 2184.862081040822
total modeled Diatom = 7206.3600113098455
total_modeled_chla = 9391.222092350667
measured chla = 13030.0
total modeled Microcystis = 2477.6830172811233
total modeled Diatom = 7017.275315370241
total_modeled_chla = 9494.958332651366
measured chla = 9660.0
total modeled Microcystis = 2396.08751546349
total modeled Diatom = 6914.064363440577
total_modeled_chla = 9310.151878904067
measured chla = 6929.999999999999
total modeled Microcystis = 2261.950694600028
total modeled Diatom = 6844.6044808975985
total_modeled_chla = 9106.555175497624
measured chla = 8470.0
total modeled Microcystis = 2353.9120273631197
total modeled Diatom = 6753.377628288533
total_modeled_chla = 9107.289655651653
measured chla = 10570.000000000002
total modeled Microcystis = 2556.8960555521403
total modeled Diatom = 6653.822232941423
total_modeled_chla = 9210.718288493565
measured chla = 9880.000000000002
total modeled Microcystis = 2448.9891216517476
total modeled Diatom = 6619.640743962256
total_modeled_chla = 9068.629865614004
measured chla = 11890.000000000002
total modeled Microcystis = 2371.868407442391
total modeled Diatom = 6612.755095522753
total_modeled_chla = 8984.623502965145
measured chla = 9980.000000000002
total modeled Microcystis = 2343.274930211656
total modeled Diatom = 6617.572609854183
total_modeled_chla = 8960.847540065837
measured chla = 8940.0
total modeled Microcystis = 2401.4329919763454
total modeled Diatom = 6623.331959059192
total_modeled_chla = 9024.764951035537
measured chla = 8930.0
total modeled Microcystis = 2780.895514733373
total modeled Diatom = 6591.792224453454
total_modeled_chla = 9372.68773918683
measured chla = 8090.0
total modeled Microcystis = 3215.062619259683
total modeled Diatom = 6549.099791025558
total_modeled_chla = 9764.16241028524
measured chla = 9220.0
total modeled Microcystis = 2992.461620238083
total modeled Diatom = 6635.288575174392
total_modeled_chla = 9627.750195412476
measured chla = 15670.0
total modeled Microcystis = 3405.6519616933792
total modeled Diatom = 6629.491062110702
total_modeled_chla = 10035.14302380408
measured chla = 11150.0
total modeled Microcystis = 3537.4906903930673
total modeled Diatom = 6669.805278842681
total_modeled_chla = 10207.295969235749
measured chla = 16219.999999999998
total modeled Microcystis = 3553.581128249315
total modeled Diatom = 6738.434312781996
total_modeled_chla = 10292.01544103131
measured chla = 6390.0
total modeled Microcystis = 3567.4231328407377
total modeled Diatom = 6823.178346637339
total_modeled_chla = 10390.601479478077
measured chla = 7780.000000000001
total modeled Microcystis = 3047.5906158334824
total modeled Diatom = 7003.39683789739
total_modeled_chla = 10050.98745373087
measured chla = 13960.000000000002
total modeled Microcystis = 2526.9021057830732
total modeled Diatom = 7190.504698924075
total_modeled_chla = 9717.406804707149
measured chla = 9640.000000000002
total modeled Microcystis = 2233.7036050369998
total modeled Diatom = 7345.47217923299
total_modeled_chla = 9579.175784269992
measured chla = 11250.0
total modeled Microcystis = 2341.1248762995697
total modeled Diatom = 7451.885410527735
total_modeled_chla = 9793.010286827306
measured chla = 8340.0
total modeled Microcystis = 2366.389588332919
total modeled Diatom = 7914.545784569709
total_modeled_chla = 10280.93537290263
measured chla = 9000.000000000002
total modeled Microcystis = 2922.3657441038713
total modeled Diatom = 8034.768926441094
total_modeled_chla = 10957.134670544965
measured chla = 12650.0
total modeled Microcystis = 3153.8707040568156
total modeled Diatom = 8025.232697493978
total_modeled_chla = 11179.103401550792
measured chla = 18140.0
total modeled Microcystis = 3389.6771837124684
total modeled Diatom = 8029.535238053392
total_modeled_chla = 11419.212421765858
measured chla = 16410.0
total modeled Microcystis = 3482.1132740788016
total modeled Diatom = 8205.90974223547
total_modeled_chla = 11688.023016314271
measured chla = 20149.999999999996
total modeled Microcystis = 3374.962850129804
total modeled Diatom = 8699.263824079295
total_modeled_chla = 12074.226674209098
measured chla = 19000.0
total modeled Microcystis = 3353.851363319472
total modeled Diatom = 8896.14187021262
total_modeled_chla = 12249.993233532092
measured chla = 13859.999999999998
total modeled Microcystis = 3369.6269172983984
total modeled Diatom = 8884.15929609178
total_modeled_chla = 12253.78621339018
measured chla = 23300.0
total modeled Microcystis = 3431.065478745193
total modeled Diatom = 8997.440945623483
total_modeled_chla = 12428.506424368674
measured chla = 23270.0
total modeled Microcystis = 3302.1679668744496
total modeled Diatom = 9239.274006566968
total_modeled_chla = 12541.441973441417
measured chla = 23530.000000000004
total modeled Microcystis = 3245.1748458886004
total modeled Diatom = 9474.198962282968
total_modeled_chla = 12719.373808171567
measured chla = 21070.000000000004
total modeled Microcystis = 3086.323026789855
total modeled Diatom = 9651.673053291539
total_modeled_chla = 12737.996080081395
measured chla = 18040.0
total modeled Microcystis = 2797.7437211893275
total modeled Diatom = 9913.549593608228
total_modeled_chla = 12711.293314797555
measured chla = 18500.0
total modeled Microcystis = 2841.162489570916
total modeled Diatom = 9937.152448133585
total_modeled_chla = 12778.314937704503
measured chla = 10580.0
total modeled Microcystis = 2956.42266225045
total modeled Diatom = 9903.761465688893
total_modeled_chla = 12860.184127939341
measured chla = 9190.0
total modeled Microcystis = 2913.7430309345314
total modeled Diatom = 9949.475073263005
total_modeled_chla = 12863.218104197538
measured chla = 16320.000000000002
total modeled Microcystis = 2837.9077525208872
total modeled Diatom = 10018.409961111809
total_modeled_chla = 12856.317713632694
measured chla = 14850.0
total modeled Microcystis = 2773.8158542583137
total modeled Diatom = 10081.82813706693
total_modeled_chla = 12855.643991325243
measured chla = 8690.0
total modeled Microcystis = 2726.9387462393456
total modeled Diatom = 10126.871616043709
total_modeled_chla = 12853.810362283055
measured chla = 12350.0
total modeled Microcystis = 2616.21138029252
total modeled Diatom = 10185.484686005357
total_modeled_chla = 12801.696066297878
measured chla = 9730.0
total modeled Microcystis = 2681.4859993487744
total modeled Diatom = 10159.333837675831
total_modeled_chla = 12840.819837024606
measured chla = 10930.0
total modeled Microcystis = 2691.20289588772
total modeled Diatom = 10165.906251209584
total_modeled_chla = 12857.109147097302
measured chla = 10680.0
total modeled Microcystis = 2576.072283620693
total modeled Diatom = 10231.413176363229
total_modeled_chla = 12807.485459983922
measured chla = 9480.0
total modeled Microcystis = 2479.1309494802763
total modeled Diatom = 10276.758522471642
total_modeled_chla = 12755.889471951918
measured chla = 11390.0
total modeled Microcystis = 2392.4977676254316
total modeled Diatom = 10325.217591529412
total_modeled_chla = 12717.715359154845
measured chla = 10780.0
total modeled Microcystis = 2152.6050537852166
total modeled Diatom = 10465.387751172104
total_modeled_chla = 12617.992804957321
measured chla = 10560.0
total modeled Microcystis = 2060.174945693463
total modeled Diatom = 10521.822995349432
total_modeled_chla = 12581.997941042893
measured chla = 19440.000000000004
total modeled Microcystis = 0.0
total modeled Diatom = 0.0
total_modeled_chla = 0.0
measured chla = 13250.0
Total cost of adjoint forcing is 1.5238552951270668e10
